[themepixels.me/bracketplus/1.4/app/template/index.html]
[backblue.gif]
[fade.gif]
[index.html]
[themepixels.me/bracketplus/img/bracketplus-social.png]
[themepixels.me/bracketplus/1.4/app/template/index-2.html]
[themepixels.me/bracketplus/1.4/app/template/mailbox.html]
[themepixels.me/bracketplus/1.4/app/template/card-dashboard.html]
[themepixels.me/bracketplus/1.4/app/template/card-social.html]
[themepixels.me/bracketplus/1.4/app/template/alerts.html]
[themepixels.me/bracketplus/1.4/app/template/card-listing.html]
[themepixels.me/bracketplus/1.4/app/template/buttons.html]
[themepixels.me/bracketplus/1.4/app/template/cards.html]
[themepixels.me/bracketplus/1.4/app/template/accordion.html]
[themepixels.me/bracketplus/1.4/app/template/carousel.html]
[themepixels.me/bracketplus/1.4/app/template/dropdowns.html]
[themepixels.me/bracketplus/1.4/app/template/icons.html]
[themepixels.me/bracketplus/1.4/app/template/images.html]
[themepixels.me/bracketplus/1.4/app/template/list.html]
[themepixels.me/bracketplus/1.4/app/template/modal.html]
[themepixels.me/bracketplus/1.4/app/template/media.html]
[themepixels.me/bracketplus/1.4/app/template/pagination.html]
[themepixels.me/bracketplus/1.4/app/template/popups.html]
[themepixels.me/bracketplus/1.4/app/template/progress.html]
[themepixels.me/bracketplus/1.4/app/template/spinners.html]
[themepixels.me/bracketplus/1.4/app/template/typography.html]
[themepixels.me/bracketplus/1.4/app/template/navigation.html]
[themepixels.me/bracketplus/1.4/app/template/navigation-layouts.html]
[themepixels.me/bracketplus/1.4/app/template/navigation-effects.html]
[themepixels.me/bracketplus/1.4/app/template/chart-morris.html]
[themepixels.me/bracketplus/1.4/app/template/chart-flot.html]
[themepixels.me/bracketplus/1.4/app/template/chart-chartjs.html]
[themepixels.me/bracketplus/1.4/app/template/chart-echarts.html]
[themepixels.me/bracketplus/1.4/app/template/chart-rickshaw.html]
[themepixels.me/bracketplus/1.4/app/template/chart-chartist.html]
[themepixels.me/bracketplus/1.4/app/template/chart-sparkline.html]
[themepixels.me/bracketplus/1.4/app/template/chart-peity.html]
[themepixels.me/bracketplus/1.4/app/template/form-elements.html]
[themepixels.me/bracketplus/1.4/app/template/form-layouts.html]
[themepixels.me/bracketplus/1.4/app/template/form-validation.html]
[themepixels.me/bracketplus/1.4/app/template/form-wizards.html]
[themepixels.me/bracketplus/1.4/app/template/form-editor-code.html]
[themepixels.me/bracketplus/1.4/app/template/form-editor-text.html]
[themepixels.me/bracketplus/1.4/app/template/table-basic.html]
[themepixels.me/bracketplus/1.4/app/template/table-datatable.html]
[themepixels.me/bracketplus/1.4/app/template/map-google.html]
[themepixels.me/bracketplus/1.4/app/template/map-leaflet.html]
[themepixels.me/bracketplus/1.4/app/template/map-vector.html]
[themepixels.me/bracketplus/1.4/app/template/skin-select2.html]
[themepixels.me/bracketplus/1.4/app/template/skin-rangeslider.html]
[themepixels.me/bracketplus/1.4/app/template/skin-input-form.html]
[themepixels.me/bracketplus/1.4/app/template/skin-file-browser.html]
[themepixels.me/bracketplus/1.4/app/template/skin-datepicker.html]
[themepixels.me/bracketplus/1.4/app/template/skin-template.html]
[themepixels.me/bracketplus/1.4/app/template/background.html]
[themepixels.me/bracketplus/1.4/app/template/border.html]
[themepixels.me/bracketplus/1.4/app/template/height.html]
[themepixels.me/bracketplus/1.4/app/template/margin.html]
[themepixels.me/bracketplus/1.4/app/template/padding.html]
[themepixels.me/bracketplus/1.4/app/template/position.html]
[themepixels.me/bracketplus/1.4/app/template/typography-util.html]
[themepixels.me/bracketplus/1.4/app/template/width.html]
[themepixels.me/bracketplus/1.4/app/template/pages.html]
[themepixels.me/bracketplus/1.4/app/template/layouts.html]
[themepixels.me/bracketplus/1.4/app/template/sitemap.html]
[themepixels.me/bracketplus/1.4/app/img/img3.jpg]
[themepixels.me/bracketplus/1.4/app/img/img4.jpg]
[themepixels.me/bracketplus/1.4/app/img/img7.jpg]
[themepixels.me/bracketplus/1.4/app/img/img5.jpg]
[themepixels.me/bracketplus/1.4/app/img/img8.jpg]
[themepixels.me/bracketplus/1.4/app/img/img9.jpg]
[themepixels.me/bracketplus/1.4/app/img/img10.jpg]
[themepixels.me/bracketplus/1.4/app/img/img1.jpg]
[themepixels.me/bracketplus/1.4/app/img/img2.jpg]
[themepixels.me/bracketplus/1.4/app/img/img6.jpg]
[themepixels.me/bracketplus/1.4/app/lib/jquery/jquery.min.js]
[themepixels.me/bracketplus/1.4/app/lib/jquery-ui/ui/widgets/datepicker.js]
[themepixels.me/bracketplus/1.4/app/lib/bootstrap/js/bootstrap.bundle.min.js]
[themepixels.me/bracketplus/1.4/app/lib/perfect-scrollbar/perfect-scrollbar.min.js]
[themepixels.me/bracketplus/1.4/app/lib/moment/min/moment.min.js]
[themepixels.me/bracketplus/1.4/app/lib/peity/jquery.peity.min.js]
[themepixels.me/bracketplus/1.4/app/lib/rickshaw/vendor/d3.min.js]
[themepixels.me/bracketplus/1.4/app/lib/rickshaw/vendor/d3.layout.min.js]
[themepixels.me/bracketplus/1.4/app/lib/rickshaw/rickshaw.min.js]
[themepixels.me/bracketplus/1.4/app/lib/jquery.flot/jquery.flot.js]
[themepixels.me/bracketplus/1.4/app/lib/jquery.flot/jquery.flot.resize.js]
[themepixels.me/bracketplus/1.4/app/lib/flot-spline/js/jquery.flot.spline.min.js]
[themepixels.me/bracketplus/1.4/app/lib/jquery-sparkline/jquery.sparkline.min.js]
[themepixels.me/bracketplus/1.4/app/lib/echarts/echarts.min.js]
[themepixels.me/bracketplus/1.4/app/lib/select2/js/select2.full.min.js]
[themepixels.me/bracketplus/1.4/app/lib/gmaps/gmaps.min.js]
[themepixels.me/bracketplus/1.4/app/js/bracket.js]
[themepixels.me/bracketplus/1.4/app/js/map.shiftworker.js]
[themepixels.me/bracketplus/1.4/app/js/ResizeSensor.js]
[themepixels.me/bracketplus/1.4/app/js/dashboard.js]
[themepixels.me/bracketplus/1.4/app/template/index.html]
[themepixels.me/bracketplus/1.4/app/lib/@fortawesome/fontawesome-free/css/all.min.css]
[themepixels.me/bracketplus/1.4/app/lib/ionicons/css/ionicons.min.css]
[themepixels.me/bracketplus/1.4/app/lib/rickshaw/rickshaw.min.css]
[themepixels.me/bracketplus/1.4/app/lib/select2/css/select2.min.css]
[themepixels.me/bracketplus/1.4/app/css/bracket.css]
[themepixels.me/bracketplus/1.4/app/template/index-2.html]
[themepixels.me/bracketplus/1.4/app/template/mailbox.html]
[themepixels.me/bracketplus/1.4/app/img/img23.jpg]
[themepixels.me/bracketplus/1.4/app/img/img24.jpg]
[themepixels.me/bracketplus/1.4/app/img/img25.jpg]
[themepixels.me/bracketplus/1.4/app/img/img26.jpg]
[themepixels.me/bracketplus/1.4/app/img/img27.jpg]
[themepixels.me/bracketplus/1.4/app/js/widgets.js]
[themepixels.me/bracketplus/1.4/app/template/card-dashboard.html]
[themepixels.me/bracketplus/1.4/app/img/img28.jpg]
[themepixels.me/bracketplus/1.4/app/img/img29.jpg]
[themepixels.me/bracketplus/1.4/app/img/img30.jpg]
[themepixels.me/bracketplus/1.4/app/img/img31.jpg]
[themepixels.me/bracketplus/1.4/app/img/img32.jpg]
[themepixels.me/bracketplus/1.4/app/img/img33.jpg]
[themepixels.me/bracketplus/1.4/app/img/img34.jpg]
[themepixels.me/bracketplus/1.4/app/img/img35.jpg]
[themepixels.me/bracketplus/1.4/app/img/img21.jpg]
[themepixels.me/bracketplus/1.4/app/img/img36.jpg]
[themepixels.me/bracketplus/1.4/app/img/img37.jpg]
[themepixels.me/bracketplus/1.4/app/img/img38.jpg]
[themepixels.me/bracketplus/1.4/app/template/card-social.html]
[themepixels.me/bracketplus/1.4/app/img/img39.jpg]
[themepixels.me/bracketplus/1.4/app/img/img40.jpg]
[themepixels.me/bracketplus/1.4/app/img/img41.jpg]
[themepixels.me/bracketplus/1.4/app/img/img16.jpg]
[themepixels.me/bracketplus/1.4/app/img/img42.jpg]
[themepixels.me/bracketplus/1.4/app/img/img43.jpg]
[themepixels.me/bracketplus/1.4/app/img/img44.jpg]
[themepixels.me/bracketplus/1.4/app/img/img45.jpg]
[themepixels.me/bracketplus/1.4/app/img/img46.jpg]
[themepixels.me/bracketplus/1.4/app/img/img47.jpg]
[themepixels.me/bracketplus/1.4/app/img/img48.jpg]
[themepixels.me/bracketplus/1.4/app/img/img49.jpg]
[themepixels.me/bracketplus/1.4/app/img/img50.jpg]
[themepixels.me/bracketplus/1.4/app/lib/select2/js/select2.min.js]
[themepixels.me/bracketplus/1.4/app/template/card-listing.html]
[themepixels.me/bracketplus/1.4/app/lib/highlightjs/highlight.pack.min.js]
[themepixels.me/bracketplus/1.4/app/template/accordion.html]
[themepixels.me/bracketplus/1.4/app/template/alerts.html]
[themepixels.me/bracketplus/1.4/app/template/buttons.html]
[themepixels.me/bracketplus/1.4/app/img/img12.jpg]
[themepixels.me/bracketplus/1.4/app/img/img11.jpg]
[themepixels.me/bracketplus/1.4/app/template/cards.html]
[themepixels.me/bracketplus/1.4/app/img/img13.jpg]
[themepixels.me/bracketplus/1.4/app/img/img14.jpg]
[themepixels.me/bracketplus/1.4/app/img/img15.jpg]
[themepixels.me/bracketplus/1.4/app/template/carousel.html]
[themepixels.me/bracketplus/1.4/app/template/dropdowns.html]
[themepixels.me/bracketplus/1.4/app/template/icons.html]
[themepixels.me/bracketplus/1.4/app/img/img17.jpg]
[themepixels.me/bracketplus/1.4/app/img/img18.jpg]
[themepixels.me/bracketplus/1.4/app/lib/cropperjs/cropper.min.js]
[themepixels.me/bracketplus/1.4/app/lib/jquery-cropper/jquery-cropper.min.js]
[themepixels.me/bracketplus/1.4/app/template/images.html]
[themepixels.me/bracketplus/1.4/app/template/list.html]
[themepixels.me/bracketplus/1.4/app/img/img19.jpg]
[themepixels.me/bracketplus/1.4/app/template/modal.html]
[themepixels.me/bracketplus/1.4/app/img/img20.jpg]
[themepixels.me/bracketplus/1.4/app/template/media.html]
[themepixels.me/bracketplus/1.4/app/template/pagination.html]
[themepixels.me/bracketplus/1.4/app/js/tooltip-colored.js]
[themepixels.me/bracketplus/1.4/app/js/popover-colored.js]
[themepixels.me/bracketplus/1.4/app/template/popups.html]
[themepixels.me/bracketplus/1.4/app/template/progress.html]
[themepixels.me/bracketplus/1.4/app/template/spinners.html]
[themepixels.me/bracketplus/1.4/app/template/typography.html]
[themepixels.me/bracketplus/1.4/app/template/navigation.html]
[themepixels.me/bracketplus/1.4/app/template/navigation-layouts.html]
[themepixels.me/bracketplus/1.4/app/template/navigation-effects.html]
[themepixels.me/bracketplus/1.4/app/lib/raphael/raphael.min.js]
[themepixels.me/bracketplus/1.4/app/lib/morris.js/morris.min.js]
[themepixels.me/bracketplus/1.4/app/js/chart.morris.js]
[themepixels.me/bracketplus/1.4/app/template/chart-morris.html]
[themepixels.me/bracketplus/1.4/app/lib/jquery.flot/jquery.flot.pie.js]
[themepixels.me/bracketplus/1.4/app/lib/flot-spline/js/jquery.flot.spline.96.delayed]
[themepixels.me/bracketplus/1.4/app/js/chart.flot.js]
[themepixels.me/bracketplus/1.4/app/template/chart-flot.html]
[themepixels.me/bracketplus/1.4/app/lib/chart.js/Chart.min.js]
[themepixels.me/bracketplus/1.4/app/js/chart.chartjs.js]
[themepixels.me/bracketplus/1.4/app/template/chart-chartjs.html]
[themepixels.me/bracketplus/1.4/app/js/chart.echarts.js]
[themepixels.me/bracketplus/1.4/app/template/chart-echarts.html]
[themepixels.me/bracketplus/1.4/app/js/chart.rickshaw.js]
[themepixels.me/bracketplus/1.4/app/template/chart-rickshaw.html]
[themepixels.me/bracketplus/1.4/app/lib/chartist/chartist.min.js]
[themepixels.me/bracketplus/1.4/app/js/chart.chartist.js]
[themepixels.me/bracketplus/1.4/app/template/chart-chartist.html]
[themepixels.me/bracketplus/1.4/app/js/chart.sparkline.js]
[themepixels.me/bracketplus/1.4/app/template/chart-sparkline.html]
[themepixels.me/bracketplus/1.4/app/js/chart.peity.js]
[themepixels.me/bracketplus/1.4/app/template/chart-peity.html]
[themepixels.me/bracketplus/1.4/app/lib/timepicker/jquery.timepicker.min.js]
[themepixels.me/bracketplus/1.4/app/lib/spectrum-colorpicker/spectrum.js]
[themepixels.me/bracketplus/1.4/app/lib/jquery.maskedinput/jquery.maskedinput.js]
[themepixels.me/bracketplus/1.4/app/lib/bootstrap-tagsinput/bootstrap-tagsinput.min.js]
[themepixels.me/bracketplus/1.4/app/lib/ion-rangeslider/js/ion.rangeSlider.min.js]
[themepixels.me/bracketplus/1.4/app/template/form-elements.html]
[themepixels.me/bracketplus/1.4/app/template/form-layouts.html]
[themepixels.me/bracketplus/1.4/app/lib/parsleyjs/parsley.min.js]
[themepixels.me/bracketplus/1.4/app/template/form-validation.html]
[themepixels.me/bracketplus/1.4/app/lib/jquery-steps/build/jquery.steps.min.js]
[themepixels.me/bracketplus/1.4/app/template/form-wizards.html]
[themepixels.me/bracketplus/1.4/app/lib/codemirror/lib/codemirror.js]
[themepixels.me/bracketplus/1.4/app/lib/codemirror/mode/javascript/javascript.js]
[themepixels.me/bracketplus/1.4/app/lib/codemirror/addon/scroll/simplescrollbars.js]
[themepixels.me/bracketplus/1.4/app/template/form-editor-code.html]
[themepixels.me/bracketplus/1.4/app/lib/summernote/summernote-bs4.min.js]
[themepixels.me/bracketplus/1.4/app/lib/medium-editor/js/medium-editor.min.js]
[themepixels.me/bracketplus/1.4/app/template/form-editor-text.html]
[themepixels.me/bracketplus/1.4/app/template/table-basic.html]
[themepixels.me/bracketplus/1.4/app/lib/datatables.net/js/jquery.dataTables.min.js]
[themepixels.me/bracketplus/1.4/app/lib/datatables.net-dt/js/dataTables.dataTables.min.js]
[themepixels.me/bracketplus/1.4/app/lib/datatables.net-responsive/js/dataTables.responsive.min.js]
[themepixels.me/bracketplus/1.4/app/lib/datatables.net-responsive-dt/js/responsive.dataTables.min.js]
[themepixels.me/bracketplus/1.4/app/template/table-datatable.html]
[themepixels.me/bracketplus/1.4/app/js/map.bluewater.js]
[themepixels.me/bracketplus/1.4/app/js/map.shadesofgray.js]
[themepixels.me/bracketplus/1.4/app/js/map.apple.js]
[themepixels.me/bracketplus/1.4/app/js/map.mapbox.js]
[themepixels.me/bracketplus/1.4/app/template/map-google.html]
[themepixels.me/bracketplus/1.4/app/lib/leaflet/leaflet-src.js]
[themepixels.me/bracketplus/1.4/app/template/map-leaflet.html]
[themepixels.me/bracketplus/1.4/app/lib/jqvmap/jquery.vmap.min.js]
[themepixels.me/bracketplus/1.4/app/lib/jqvmap/maps/jquery.vmap.world.js]
[themepixels.me/bracketplus/1.4/app/lib/jqvmap/maps/jquery.vmap.usa.js]
[themepixels.me/bracketplus/1.4/app/lib/jqvmap/maps/jquery.vmap.canada.js]
[themepixels.me/bracketplus/1.4/app/js/jquery.vmap.sampledata.js]
[themepixels.me/bracketplus/1.4/app/template/map-vector.html]
[themepixels.me/bracketplus/1.4/app/template/skin-select2.html]
[themepixels.me/bracketplus/1.4/app/template/skin-rangeslider.html]
[themepixels.me/bracketplus/1.4/app/template/skin-input-form.html]
[themepixels.me/bracketplus/1.4/app/template/skin-file-browser.html]
[themepixels.me/bracketplus/1.4/app/template/skin-datepicker.html]
[themepixels.me/bracketplus/1.4/app/template/skin-sidebar.html]
[themepixels.me/bracketplus/1.4/app/img/screen12.png]
[themepixels.me/bracketplus/1.4/app/img/screen11.png]
[themepixels.me/bracketplus/1.4/app/img/screen22.png]
[themepixels.me/bracketplus/1.4/app/img/screen29.png]
[themepixels.me/bracketplus/1.4/app/template/skin-template.html]
[themepixels.me/bracketplus/1.4/app/template/background.html]
[themepixels.me/bracketplus/1.4/app/template/border.html]
[themepixels.me/bracketplus/1.4/app/template/height.html]
[themepixels.me/bracketplus/1.4/app/template/margin.html]
[themepixels.me/bracketplus/1.4/app/template/padding.html]
[themepixels.me/bracketplus/1.4/app/template/position.html]
[themepixels.me/bracketplus/1.4/app/template/typography-util.html]
[themepixels.me/bracketplus/1.4/app/template/width.html]
[themepixels.me/bracketplus/1.4/app/template/page-chat.html]
[themepixels.me/bracketplus/1.4/app/img/screen32.png]
[themepixels.me/bracketplus/1.4/app/template/page-invoice.html]
[themepixels.me/bracketplus/1.4/app/img/screen28.png]
[themepixels.me/bracketplus/1.4/app/template/page-profile.html]
[themepixels.me/bracketplus/1.4/app/img/screen20.png]
[themepixels.me/bracketplus/1.4/app/template/page-assets.html]
[themepixels.me/bracketplus/1.4/app/img/screen5.png]
[themepixels.me/bracketplus/1.4/app/template/page-contacts.html]
[themepixels.me/bracketplus/1.4/app/img/screen13.png]
[themepixels.me/bracketplus/1.4/app/template/signin-simple.html]
[themepixels.me/bracketplus/1.4/app/img/screen1.png]
[themepixels.me/bracketplus/1.4/app/template/signin-img.html]
[themepixels.me/bracketplus/1.4/app/img/screen2.png]
[themepixels.me/bracketplus/1.4/app/template/signin-video.html]
[themepixels.me/bracketplus/1.4/app/img/screen3.png]
[themepixels.me/bracketplus/1.4/app/template/signin-split.html]
[themepixels.me/bracketplus/1.4/app/img/screen4.png]
[themepixels.me/bracketplus/1.4/app/template/signup-split.html]
[themepixels.me/bracketplus/1.4/app/img/screen17.png]
[themepixels.me/bracketplus/1.4/app/template/signup-simple.html]
[themepixels.me/bracketplus/1.4/app/img/screen18.png]
[themepixels.me/bracketplus/1.4/app/template/page-not-found.html]
[themepixels.me/bracketplus/1.4/app/img/screen19.png]
[themepixels.me/bracketplus/1.4/app/template/pages.html]
[themepixels.me/bracketplus/1.4/app/img/screen6.png]
[themepixels.me/bracketplus/1.4/app/template/blank.html]
[themepixels.me/bracketplus/1.4/app/img/screen7.png]
[themepixels.me/bracketplus/1.4/app/template/blank-2.html]
[themepixels.me/bracketplus/1.4/app/img/screen8.png]
[themepixels.me/bracketplus/1.4/app/img/screen9.png]
[themepixels.me/bracketplus/1.4/app/img/screen10.png]
[themepixels.me/bracketplus/1.4/app/template/layouts.html]
[themepixels.me/bracketplus/1.4/app/template/sitemap.html]
[themepixels.me/bracketplus/1.4/app/lib/highlightjs/styles/github.css]
[themepixels.me/bracketplus/1.4/app/lib/cropperjs/cropper.min.css]
[themepixels.me/bracketplus/1.4/app/lib/spinkit/css/spinkit.css]
[themepixels.me/bracketplus/1.4/app/lib/morris.js/morris.css]
[themepixels.me/bracketplus/1.4/app/lib/flot-spline/js/jquery.flot.spline.html]
[themepixels.me/bracketplus/1.4/app/lib/chartist/chartist.min.css]
[themepixels.me/bracketplus/1.4/app/lib/timepicker/jquery.timepicker.css]
[themepixels.me/bracketplus/1.4/app/lib/spectrum-colorpicker/spectrum.css]
[themepixels.me/bracketplus/1.4/app/lib/bootstrap-tagsinput/bootstrap-tagsinput.css]
[themepixels.me/bracketplus/1.4/app/lib/ion-rangeslider/css/ion.rangeSlider.css]
[themepixels.me/bracketplus/1.4/app/lib/ion-rangeslider/img/sprite-skin-flat.png]
[themepixels.me/bracketplus/1.4/app/lib/ion-rangeslider/css/ion.rangeSlider.skinFlat.css]
[themepixels.me/bracketplus/1.4/app/lib/codemirror/lib/codemirror.css]
[themepixels.me/bracketplus/1.4/app/lib/codemirror/theme/eclipse.css]
[themepixels.me/bracketplus/1.4/app/lib/codemirror/theme/dracula.css]
[themepixels.me/bracketplus/1.4/app/lib/codemirror/theme/base16-light.css]
[themepixels.me/bracketplus/1.4/app/lib/codemirror/theme/lesser-dark.css]
[themepixels.me/bracketplus/1.4/app/lib/codemirror/addon/scroll/simplescrollbars.css]
[themepixels.me/bracketplus/1.4/app/lib/medium-editor/css/medium-editor.min.css]
[themepixels.me/bracketplus/1.4/app/lib/medium-editor/css/themes/default.min.css]
[themepixels.me/bracketplus/1.4/app/lib/summernote/font/summernotec360.eot]
[themepixels.me/bracketplus/1.4/app/lib/summernote/font/summernotec360.woff]
[themepixels.me/bracketplus/1.4/app/lib/summernote/font/summernotec360.ttf]
[themepixels.me/bracketplus/1.4/app/lib/summernote/summernote-bs4.css]
[themepixels.me/bracketplus/1.4/app/lib/datatables.net-dt/images/sort_both.png]
[themepixels.me/bracketplus/1.4/app/lib/datatables.net-dt/images/sort_asc.png]
[themepixels.me/bracketplus/1.4/app/lib/datatables.net-dt/images/sort_desc.png]
[themepixels.me/bracketplus/1.4/app/lib/datatables.net-dt/images/sort_asc_disabled.png]
[themepixels.me/bracketplus/1.4/app/lib/datatables.net-dt/images/sort_desc_disabled.png]
[themepixels.me/bracketplus/1.4/app/lib/datatables.net-dt/css/jquery.dataTables.min.css]
[themepixels.me/bracketplus/1.4/app/lib/datatables.net-responsive-dt/css/responsive.dataTables.min.css]
[themepixels.me/bracketplus/1.4/app/lib/leaflet/images/layers.png]
[themepixels.me/bracketplus/1.4/app/lib/leaflet/images/layers-2x.png]
[themepixels.me/bracketplus/1.4/app/lib/leaflet/images/marker-icon.png]
[themepixels.me/bracketplus/1.4/app/lib/leaflet/leaflet.css]
[api.tiles.mapbox.com/v4/{id}/{z}/{x}/{y}82fd.json]
[themepixels.me/bracketplus/1.4/app/lib/jqvmap/jqvmap.min.css]
[themepixels.me/bracketplus/1.4/app/template/skin-sidebar.html]
[themepixels.me/bracketplus/1.4/app/template/page-chat.html]
[themepixels.me/bracketplus/1.4/app/template/page-invoice.html]
[themepixels.me/bracketplus/1.4/app/img/img53.jpg]
[themepixels.me/bracketplus/1.4/app/template/page-profile.html]
[themepixels.me/bracketplus/1.4/app/template/page-assets.html]
[themepixels.me/bracketplus/1.4/app/template/page-contacts.html]
[themepixels.me/bracketplus/1.4/app/template/signin-simple.html]
[themepixels.me/bracketplus/1.4/app/img/img22.jpg]
[themepixels.me/bracketplus/1.4/app/template/signin-img.html]
[themepixels.me/bracketplus/1.4/app/template/signin-video.html]
[themepixels.me/bracketplus/1.4/app/template/signin-split.html]
[themepixels.me/bracketplus/1.4/app/template/signup-split.html]
[themepixels.me/bracketplus/1.4/app/template/signup-simple.html]
[themepixels.me/bracketplus/1.4/app/template/page-not-found.html]
[themepixels.me/bracketplus/1.4/app/template/blank.html]
[themepixels.me/bracketplus/1.4/app/template/blank-2.html]
